{
  "session": {
    "session_id": "131570c64e1fd5ba",
    "session_seed": "picks-zero-session-001",
    "picked_families": [],
    "bank_hash": "f3b83f5647111864456d1d73accf7fd4936139e95381c827b0c4d2353749c6df",
    "constants_profile": "DEFAULT"
  },
  "answers": [
    {
      "qid": "CONTROL_Q1",
      "familyScreen": 1,
      "picked_key": true,
      "lineCOF": "C",
      "tells": [],
      "ts": 1758070480728,
      "latency_ms": 1872.2658052581446
    },
    {
      "qid": "CONTROL_Q2",
      "familyScreen": 1,
      "picked_key": true,
      "lineCOF": "C",
      "tells": [],
      "ts": 1758070481728,
      "latency_ms": 1240.42916148923
    },
    {
      "qid": "CONTROL_Q3",
      "familyScreen": 1,
      "picked_key": true,
      "lineCOF": "C",
      "tells": [],
      "ts": 1758070482728,
      "latency_ms": 1347.1185835601189
    },
    {
      "qid": "PACE_Q1",
      "familyScreen": 2,
      "picked_key": true,
      "lineCOF": "C",
      "tells": [],
      "ts": 1758070483728,
      "latency_ms": 1767.7719154680847
    },
    {
      "qid": "PACE_Q2",
      "familyScreen": 2,
      "picked_key": true,
      "lineCOF": "C",
      "tells": [],
      "ts": 1758070484728,
      "latency_ms": 1782.5944814978989
    },
    {
      "qid": "PACE_Q3",
      "familyScreen": 2,
      "picked_key": true,
      "lineCOF": "C",
      "tells": [],
      "ts": 1758070485728,
      "latency_ms": 1600.0769833518448
    },
    {
      "qid": "BOUNDARY_Q1",
      "familyScreen": 3,
      "picked_key": true,
      "lineCOF": "C",
      "tells": [],
      "ts": 1758070486728,
      "latency_ms": 1352.4395283310137
    },
    {
      "qid": "BOUNDARY_Q2",
      "familyScreen": 3,
      "picked_key": true,
      "lineCOF": "C",
      "tells": [],
      "ts": 1758070487728,
      "latency_ms": 1988.4801202764954
    },
    {
      "qid": "BOUNDARY_Q3",
      "familyScreen": 3,
      "picked_key": true,
      "lineCOF": "C",
      "tells": [],
      "ts": 1758070488728,
      "latency_ms": 1052.7115334248913
    },
    {
      "qid": "TRUTH_Q1",
      "familyScreen": 4,
      "picked_key": true,
      "lineCOF": "C",
      "tells": [],
      "ts": 1758070489728,
      "latency_ms": 1565.4270197010792
    },
    {
      "qid": "TRUTH_Q2",
      "familyScreen": 4,
      "picked_key": true,
      "lineCOF": "C",
      "tells": [],
      "ts": 1758070490728,
      "latency_ms": 1695.2043977689145
    },
    {
      "qid": "TRUTH_Q3",
      "familyScreen": 4,
      "picked_key": true,
      "lineCOF": "C",
      "tells": [],
      "ts": 1758070491728,
      "latency_ms": 1687.5181874604036
    },
    {
      "qid": "RECOGNITION_Q1",
      "familyScreen": 5,
      "picked_key": true,
      "lineCOF": "C",
      "tells": [],
      "ts": 1758070492728,
      "latency_ms": 1329.658071331572
    },
    {
      "qid": "RECOGNITION_Q2",
      "familyScreen": 5,
      "picked_key": true,
      "lineCOF": "C",
      "tells": [],
      "ts": 1758070493728,
      "latency_ms": 1606.760322672239
    },
    {
      "qid": "RECOGNITION_Q3",
      "familyScreen": 5,
      "picked_key": true,
      "lineCOF": "C",
      "tells": [],
      "ts": 1758070494728,
      "latency_ms": 1154.6426902751975
    },
    {
      "qid": "BONDING_Q1",
      "familyScreen": 6,
      "picked_key": true,
      "lineCOF": "C",
      "tells": [],
      "ts": 1758070495728,
      "latency_ms": 1793.5082278582518
    },
    {
      "qid": "BONDING_Q2",
      "familyScreen": 6,
      "picked_key": true,
      "lineCOF": "C",
      "tells": [],
      "ts": 1758070496728,
      "latency_ms": 1940.858854173068
    },
    {
      "qid": "BONDING_Q3",
      "familyScreen": 6,
      "picked_key": true,
      "lineCOF": "C",
      "tells": [],
      "ts": 1758070497728,
      "latency_ms": 1264.538463335483
    },
    {
      "qid": "STRESS_Q1",
      "familyScreen": 7,
      "picked_key": true,
      "lineCOF": "C",
      "tells": [],
      "ts": 1758070498728,
      "latency_ms": 1692.5921450184333
    },
    {
      "qid": "STRESS_Q2",
      "familyScreen": 7,
      "picked_key": true,
      "lineCOF": "C",
      "tells": [],
      "ts": 1758070499728,
      "latency_ms": 1654.6966235313862
    },
    {
      "qid": "STRESS_Q3",
      "familyScreen": 7,
      "picked_key": true,
      "lineCOF": "C",
      "tells": [],
      "ts": 1758070500728,
      "latency_ms": 1423.256811942445
    }
  ],
  "expected_result": {
    "line_verdicts": {
      "Control": "C",
      "Pace": "C",
      "Boundary": "C",
      "Truth": "C",
      "Recognition": "C",
      "Bonding": "C",
      "Stress": "C"
    },
    "face_states": {
      "FACE/Control/Sovereign": {
        "state": "LEAN",
        "q_hits": 4,
        "fam_hits": 3,
        "sig": 2,
        "clean": 4,
        "broken": 0,
        "contrast": true
      },
      "FACE/Control/Rebel": {
        "state": "GHOST",
        "q_hits": 3,
        "fam_hits": 3,
        "sig": 0,
        "clean": 3,
        "broken": 0,
        "contrast": true
      },
      "FACE/Pace/Visionary": {
        "state": "GHOST",
        "q_hits": 3,
        "fam_hits": 3,
        "sig": 1,
        "clean": 3,
        "broken": 0,
        "contrast": true
      },
      "FACE/Pace/Navigator": {
        "state": "LEAN",
        "q_hits": 4,
        "fam_hits": 4,
        "sig": 1,
        "clean": 4,
        "broken": 0,
        "contrast": true
      },
      "FACE/Boundary/Equalizer": {
        "state": "GHOST",
        "q_hits": 3,
        "fam_hits": 3,
        "sig": 0,
        "clean": 3,
        "broken": 0,
        "contrast": true
      },
      "FACE/Boundary/Guardian": {
        "state": "LEAN",
        "q_hits": 4,
        "fam_hits": 3,
        "sig": 2,
        "clean": 4,
        "broken": 0,
        "contrast": true
      },
      "FACE/Truth/Seeker": {
        "state": "LEAN",
        "q_hits": 4,
        "fam_hits": 3,
        "sig": 2,
        "clean": 4,
        "broken": 0,
        "contrast": true
      },
      "FACE/Truth/Architect": {
        "state": "COLD",
        "q_hits": 1,
        "fam_hits": 1,
        "sig": 0,
        "clean": 1,
        "broken": 0,
        "contrast": true
      },
      "FACE/Recognition/Spotlight": {
        "state": "LEAN",
        "q_hits": 5,
        "fam_hits": 4,
        "sig": 2,
        "clean": 5,
        "broken": 0,
        "contrast": true
      },
      "FACE/Recognition/Diplomat": {
        "state": "GHOST",
        "q_hits": 3,
        "fam_hits": 3,
        "sig": 0,
        "clean": 3,
        "broken": 0,
        "contrast": true
      },
      "FACE/Bonding/Partner": {
        "state": "COLD",
        "q_hits": 3,
        "fam_hits": 2,
        "sig": 2,
        "clean": 3,
        "broken": 0,
        "contrast": true
      },
      "FACE/Bonding/Provider": {
        "state": "COLD",
        "q_hits": 1,
        "fam_hits": 1,
        "sig": 0,
        "clean": 1,
        "broken": 0,
        "contrast": true
      },
      "FACE/Stress/Catalyst": {
        "state": "GHOST",
        "q_hits": 3,
        "fam_hits": 3,
        "sig": 1,
        "clean": 3,
        "broken": 0,
        "contrast": true
      },
      "FACE/Stress/Artisan": {
        "state": "COLD",
        "q_hits": 1,
        "fam_hits": 1,
        "sig": 1,
        "clean": 1,
        "broken": 0,
        "contrast": true
      }
    },
    "family_reps": {
      "Control": 0.16666666666666666,
      "Pace": 0.16666666666666666,
      "Boundary": 0.16666666666666666,
      "Truth": 0.16666666666666666,
      "Recognition": 0.16666666666666666,
      "Bonding": 0.16666666666666666,
      "Stress": 0.16666666666666666
    },
    "anchor_family": "Recognition"
  }
}